// Jest Snapshot v1, https://goo.gl/fbAQLP

exports[`should render expense item 1`] = `
<li>
  <Link
    replace={false}
    to="/edit/1"
  >
    <h3>
      apple
    </h3>
  </Link>
  <p>
    $1,095.00
  </p>
  <p>
    December 27th, 1969
  </p>
</li>
`;
