// Jest Snapshot v1, https://goo.gl/fbAQLP

exports[`should render ExpenseList with empty message 1`] = `
<div>
  <ul>
    <p>
      No Expenses
    </p>
  </ul>
</div>
`;

exports[`should render ExpenseList with expenses 1`] = `
<div>
  <ul>
    <Expense
      amount={195}
      createdAt={0}
      description="gum"
      id="0"
      key="0"
      note=""
    />
    <Expense
      amount={109500}
      createdAt={-345600000}
      description="apple"
      id="1"
      key="1"
      note=""
    />
    <Expense
      amount={4500}
      createdAt={345600000}
      description="green"
      id="2"
      key="2"
      note=""
    />
  </ul>
</div>
`;
