// Jest Snapshot v1, https://goo.gl/fbAQLP

exports[`should rener LogIn page 1`] = `
<div>
  <button>
    Log In
  </button>
  <a>
    Forgot your info?
  </a>
</div>
`;
